0 47 335 352 704 751 911 928 1053 1074 1362 1405 1757 1778 1938 1981 2072 2103 2391 2424 2776 2807 2967 3000 3077 3114 3402 3429 3781 3818 3978 4005 
