0 19 487 533 993 1010 1218 1233 1317 1751 1827 1840 2087 2100 2496 2610 3014 3029 3301 3318 3330 3824 3844 3863 
