0 4 12 19 23 31 32 36 44 51 55 63 128 136 140 147 155 159 160 168 172 179 187 191 259 263 265 269 271 272 276 282 284 286 291 295 297 301 303 304 308 314 316 318 385 387 389 395 399 400 402 406 408 412 417 419 421 427 431 432 434 438 440 444 581 585 589 598 602 606 613 617 621 630 634 638 705 709 713 722 726 730 737 741 745 754 758 762 832 836 838 842 846 851 853 855 857 861 864 868 870 874 878 883 885 887 889 893 962 966 968 970 972 977 981 985 987 991 994 998 1000 1002 1004 1009 1013 1017 1019 1023 
