0 2 495 534 667 703 848 875 960 998 1087 1310 1425 1695 1721 1901 1927 1982 2242 2816 3095 3233 3369 3677 
