0 59 82 105 136 179 218 225 285 294 335 372 405 430 455 508 528 555 578 633 664 675 714 753 781 822 863 868 901 958 983 1004 
