0
7 1 93 82 27 36 57 62 
7 7 64 17 31 98 89 24 
3 43 24 76 
5 33 59 45 62 41 
2 2 74
3 97 51 70 
3 43 72 53 
