0
2 2 50
0
2 45 307
0
0
0
0
0
0
0
0
2 51 281
0
2 224 239
0
0
0
2 5 315
0
2 23 145
0
0
2 237 260
0
2 97 222
0
0
2 56 209
0
