2 30 66
2 155 447
9 16 43 202 107 312 129 174 51 34 
2 35 395
5 27 265 69 328 99 
7 45 300 217 336 292 315 486 
7 72 317 94 438 186 384 179 
3 16 128 160 
7 8 304 291 256 319 490 216 
3 278 441 363 
0
5 2 90 289 169 444 
2 360 424
2 4 183
3 69 383 390 
7 21 313 111 345 356 336 172 
2 35 429
2 141 373
0
2 229 481
5 28 230 413 229 310 
3 80 104 394 
2 163 362
2 23 285
2 344 412
9 41 6 21 479 293 31 169 434 145 
2 193 275
2 225 487
9 27 394 366 396 461 47 199 475 215 
2 285 288
