2 339 415
5 417 392 59 325 483 
7 83 158 378 85 406 294 213 
2 60 495
7 116 490 447 481 474 338 469 
3 415 145 117 
2 175 192
0
3 9 320 138 
2 80 350
2 196 259
3 407 498 256 
2 198 248
5 14 50 203 434 460 
2 139 390
2 186 363
5 54 277 178 327 479 
5 24 456 346 194 409 
5 223 405 267 465 252 
3 219 347 304 
5 3 327 18 309 177 
2 218 435
5 102 453 271 288 412 
0
3 467 462 176 
2 249 336
9 4 235 486 381 445 490 359 245 164 
2 130 398
2 224 226
3 16 437 217 
