5 24 63 432 150 89 
3 0 292 28 
5 17 440 395 103 39 
3 445 277 333 
5 8 68 379 109 405 
5 16 278 243 302 397 
3 383 255 56 
5 1 170 315 47 72 
3 5 419 133 
7 122 407 402 160 345 326 444 
7 12 215 454 479 26 324 465 
3 5 56 369 
5 134 24 278 347 68 
5 4 360 194 291 302 
5 11 475 102 311 158 
3 178 310 443 
5 332 263 323 382 44 
3 366 322 51 
5 31 55 180 299 389 
3 5 368 121 
3 17 411 59 
5 2 86 262 267 490 
5 44 289 209 182 304 
7 7 260 56 189 22 419 209 
5 11 455 388 290 367 
3 10 438 203 
5 38 382 394 92 238 
3 14 55 289 
5 118 430 362 51 213 
3 14 306 156 
