5 3 451 203 441 145 
11 0 270 362 181 473 223 347 246 451 43 257 
2 390 441
2 151 264
2 11 267
7 1 273 450 342 363 360 286 
3 0 436 479 
2 157 341
5 419 86 294 23 329 
2 121 438
2 60 257
2 29 385
2 122 199
2 81 428
7 166 281 414 209 74 101 455 
11 132 405 468 43 173 315 251 176 262 487 400 
2 76 466
2 10 400
5 335 90 125 308 175 
2 37 154
2 480 482
2 375 410
2 33 314
11 3 456 472 96 328 200 160 284 178 356 134 
2 180 322
2 220 292
2 168 395
2 58 296
2 252 457
2 221 310
