3 494 496 497 
3 494 498 495 
3 494 499 497 
3 494 496 495 
3 494 495 499 
3 494 497 495 
3 494 497 495 
3 494 495 499 
0
3 495 498 496 
3 494 498 499 
0
3 495 497 499 
3 494 498 499 
3 494 497 499 
3 494 496 495 
3 494 498 495 
3 494 496 495 
0
0
3 494 497 495 
3 494 498 499 
0
3 494 495 498 
3 494 499 497 
3 494 497 495 
3 494 498 495 
3 494 497 498 
3 495 499 497 
0
