0
3 11 237 80 
0
5 16 100 443 422 304 
0
3 319 498 159 
5 8 240 12 11 307 
3 201 295 236 
3 85 136 266 
7 27 278 434 282 161 337 108 
3 24 117 103 
3 193 265 461 
5 0 6 200 57 185 
3 14 426 77 
3 32 207 409 
3 143 259 460 
3 182 492 122 
0
5 83 488 244 343 214 
3 464 419 323 
5 76 271 140 199 294 
0
3 470 134 88 
5 362 412 294 342 43 
5 48 72 186 329 231 
3 353 237 113 
3 398 321 490 
3 117 381 318 
0
5 92 404 449 145 12 
