2 0 1
2 4 6
2 0 3
2 0 6
2 1 4
2 0 1
2 0 2
2 0 1
2 0 1
2 0 1
2 2 3
2 2 4
2 0 1
2 1 2
0
2 3 4
2 0 1
0
2 0 2
2 0 1
2 0 1
0
2 2 3
2 0 1
2 0 1
2 1 4
2 0 3
2 0 1
2 2 3
2 0 2
