2 8 15
2 106 258
0
2 93 96
0
2 112 224
2 97 120
2 124 172
2 29 52
2 26 243
0
2 10 13
2 73 217
0
0
2 37 128
0
2 57 87
0
2 117 184
2 19 162
0
0
0
2 37 195
0
0
2 1 18
2 51 208
2 1 4
