2 214 395
2 94 110
3 95 208 63 
2 9 386
2 235 288
2 136 370
2 144 203
2 15 153
7 366 406 335 469 98 13 248 
2 114 222
3 268 32 9 
5 1 402 173 437 250 
2 328 446
7 3 149 497 251 416 160 128 
5 128 496 417 446 274 
2 20 282
2 53 298
2 72 183
2 14 148
2 20 438
2 139 421
2 121 470
2 94 430
2 218 382
2 71 278
2 80 317
13 2 308 368 467 144 318 7 122 249 66 341 248 237 
2 112 290
2 23 209
2 99 441
