2 119 196
3 40 353 134 
5 10 83 303 312 407 
3 28 257 371 
2 288 289
2 394 454
5 114 275 156 449 492 
3 14 313 455 
5 169 47 281 409 459 
3 497 331 342 
2 255 383
5 17 415 101 19 483 
0
5 94 320 338 398 136 
3 171 196 271 
0
2 36 357
3 198 339 478 
3 146 341 195 
5 14 408 418 90 230 
5 16 207 374 231 403 
2 304 454
0
7 178 422 244 376 162 333 72 
7 67 379 140 273 108 445 485 
3 311 361 119 
2 42 203
0
5 44 449 120 472 195 
2 20 35
