7 271 166 22 335 151 342 360 
3 142 167 393 
3 152 239 279 
5 3 81 153 213 327 
5 15 145 400 185 275 
3 16 276 271 
3 37 241 153 
2 228 260
3 105 266 202 
2 86 302
5 62 470 458 33 89 
3 10 248 367 
5 26 72 204 237 104 
5 75 250 272 247 474 
2 299 375
3 320 363 331 
5 223 207 113 115 94 
5 492 455 385 294 125 
5 55 390 151 350 120 
7 78 236 497 384 213 406 164 
2 232 254
0
2 439 462
0
2 5 47
3 337 83 270 
7 4 495 403 379 213 208 192 
0
7 35 285 63 93 282 219 391 
5 87 352 211 398 342 
