2 160 318
5 33 60 262 346 259 
0
0
2 309 346
7 6 420 301 161 248 490 127 
0
0
5 2 16 424 306 87 
0
5 163 350 319 335 303 
2 6 350
2 240 411
3 330 269 183 
0
5 0 300 249 168 26 
0
2 288 371
5 10 215 483 461 241 
3 105 471 248 
3 285 328 407 
5 43 138 250 248 331 
5 26 312 52 207 157 
2 82 426
3 109 216 212 
0
2 232 348
7 78 307 100 336 130 379 252 
5 80 488 95 129 412 
3 74 473 285 
