2 78 418
3 138 220 309 
3 9 107 359 
3 288 451 359 
5 71 271 138 480 155 
7 300 449 151 484 86 313 88 
7 61 209 72 338 495 136 342 
2 193 267
9 43 143 118 199 320 391 126 226 49 
3 35 362 189 
2 68 246
3 82 190 340 
5 45 379 65 316 211 
0
3 183 76 39 
2 67 342
3 419 226 137 
2 227 413
3 148 336 408 
2 67 283
2 229 290
3 268 282 487 
2 33 487
5 93 361 398 473 181 
3 155 227 168 
5 75 390 410 423 151 
5 121 451 387 330 190 
3 27 397 225 
5 8 431 425 12 15 
5 5 332 465 154 34 
