5 122 123 471 208 198 
0
5 244 307 289 386 494 
2 94 488
5 29 470 339 38 271 
5 288 398 305 458 325 
3 46 54 440 
5 77 202 267 359 482 
5 34 338 44 159 375 
7 24 67 432 327 143 429 348 
3 485 148 224 
2 203 488
3 421 337 271 
0
2 154 486
3 26 112 283 
2 65 86
2 302 312
2 258 456
2 56 351
2 23 105
2 134 332
3 1 230 258 
2 144 320
2 10 115
9 13 23 495 204 285 426 389 403 117 
3 35 215 161 
0
0
0
