2 46 262
3 234 458 50 
2 20 114
3 332 357 451 
11 0 9 469 15 227 155 417 359 165 130 365 
7 0 364 430 207 452 433 343 
2 77 168
2 436 468
7 2 221 92 272 353 456 89 
2 83 161
2 15 486
5 383 492 121 495 7 
2 353 392
5 102 178 312 39 316 
2 37 118
3 14 36 396 
2 132 200
7 5 30 115 347 112 82 171 
2 113 310
7 3 223 251 109 267 157 272 
2 68 110
7 1 251 497 276 253 292 348 
3 267 231 5 
11 7 411 457 192 77 10 407 21 466 438 367 
2 13 428
5 235 413 441 417 122 
7 1 188 465 455 181 472 235 
2 7 359
3 56 363 358 
13 176 200 85 449 180 418 323 453 293 265 194 174 62 
