2 29 54
2 87 403
2 4 349
2 227 346
2 70 304
2 6 16
2 169 241
2 90 154
2 174 196
2 261 383
2 116 317
0
2 34 249
2 132 243
2 183 318
0
2 29 170
2 6 136
2 3 362
2 12 358
2 46 125
0
2 44 259
2 4 10
2 25 141
2 7 14
2 144 301
2 20 429
2 3 103
2 4 40
