3 306 226 148 
3 256 276 283 
0
3 128 441 440 
3 181 455 86 
5 31 318 216 273 66 
3 23 392 445 
0
3 152 301 438 
3 268 396 311 
3 53 383 299 
3 131 493 297 
3 71 418 430 
5 38 201 328 298 396 
3 54 161 418 
0
3 38 350 495 
0
3 23 289 194 
3 53 384 182 
0
0
0
0
0
5 90 397 117 462 287 
3 93 359 406 
3 75 197 208 
3 54 175 414 
5 21 208 121 356 494 
