2 211 367
5 22 363 279 485 307 
2 250 446
2 1 136
3 17 151 463 
5 381 406 122 371 211 
2 260 368
3 355 285 331 
2 123 134
0
5 166 346 389 304 432 
5 460 396 166 137 450 
2 137 291
7 10 61 426 449 230 29 319 
2 119 122
2 273 308
2 103 439
3 37 363 39 
3 52 369 304 
5 134 446 201 213 414 
2 469 498
2 244 255
2 279 404
2 77 133
3 122 28 165 
3 43 427 62 
2 59 469
3 39 425 252 
2 269 369
5 3 303 131 269 159 
