3 433 496 495 
3 120 499 498 
3 468 499 498 
3 114 498 499 
3 56 497 498 
3 464 498 499 
3 217 496 495 
3 326 498 499 
3 152 499 498 
3 291 495 496 
3 246 497 496 
3 208 499 498 
3 277 497 496 
3 195 498 497 
3 321 498 499 
3 75 496 495 
3 33 497 498 
3 174 497 496 
3 198 496 497 
3 163 495 496 
3 343 498 499 
3 215 497 496 
3 412 495 496 
3 292 497 496 
3 167 496 497 
3 200 498 497 
0
3 78 495 496 
3 281 498 499 
3 288 495 496 
