5 2 478 350 466 205 
7 0 313 497 472 495 211 183 
2 83 92
9 0 348 377 414 14 446 255 30 194 
11 3 168 104 71 249 82 481 121 443 51 180 
2 2 33
2 22 256
2 151 309
2 22 221
2 25 90
2 244 374
7 0 295 417 127 472 255 105 
2 231 338
2 113 450
7 465 428 94 241 450 189 326 
2 88 338
2 9 332
2 75 364
5 12 295 140 276 57 
9 2 432 276 316 401 478 225 233 64 
2 339 402
2 63 239
2 180 245
2 61 388
5 214 467 271 165 249 
9 7 63 78 136 183 148 44 21 262 
2 169 394
2 80 359
3 320 187 176 
7 0 280 431 180 334 264 339 
