2 0 6
2 0 1
2 1 2
2 0 1
2 0 2
2 0 1
2 0 1
2 0 15
2 0 2
2 0 1
2 0 1
2 0 1
2 0 1
2 0 4
2 0 1
2 0 1
2 0 1
2 1 3
2 0 1
2 0 4
2 0 6
2 0 1
2 3 15
2 0 1
2 1 6
2 0 13
2 0 2
2 0 2
2 1 3
2 0 3
