2 0 436
3 66 423 49 
2 207 435
2 66 299
2 106 225
2 211 384
2 53 138
3 128 222 193 
2 159 335
2 254 476
2 124 410
3 278 452 181 
3 155 323 205 
5 33 425 77 461 134 
0
0
5 45 278 494 333 359 
0
0
2 33 104
7 66 414 334 320 355 420 398 
0
2 19 58
2 131 324
2 202 466
2 75 170
2 140 393
2 132 278
2 23 208
2 130 270
