3 80 252 494 
2 325 437
7 48 284 175 60 429 185 67 
3 219 299 293 
5 32 419 357 117 144 
2 263 336
2 89 215
3 211 209 305 
2 36 83
2 59 110
2 44 49
0
2 64 187
5 100 437 466 202 369 
5 9 383 366 201 223 
2 204 466
2 240 451
3 385 196 322 
5 215 403 421 371 310 
0
2 90 216
2 186 498
0
5 12 228 304 329 131 
5 47 483 188 377 327 
5 78 181 187 460 62 
3 385 408 442 
2 418 457
5 48 405 259 55 249 
0
