2 195 257
2 406 409
11 352 275 417 191 363 376 62 71 432 105 277 
2 367 484
7 260 249 474 440 191 70 380 
5 5 336 472 425 481 
9 2 263 209 64 459 152 327 369 456 
2 256 335
2 178 396
2 270 414
2 19 108
2 10 208
2 49 124
2 351 467
3 264 221 419 
7 0 249 421 144 211 148 111 
2 21 430
3 4 475 474 
3 451 206 410 
2 88 210
2 37 423
2 4 6
2 154 477
11 2 468 142 348 51 462 60 491 258 11 138 
3 1 313 27 
2 241 322
2 93 164
2 212 478
7 0 96 111 356 391 484 294 
2 137 308
