2 6 61
2 115 420
7 56 290 112 324 482 388 419 
2 12 84
7 9 168 496 181 437 179 487 
2 242 470
2 280 456
2 228 250
2 52 99
0
2 66 170
5 56 303 408 348 289 
2 117 426
3 14 304 92 
3 103 475 362 
3 212 74 341 
5 240 425 325 429 224 
7 27 133 43 478 344 41 171 
2 54 120
0
2 78 84
2 150 376
2 75 435
2 29 186
5 414 120 423 210 239 
2 217 297
2 115 497
9 7 251 375 73 82 70 181 417 9 
5 23 453 465 183 83 
3 8 280 490 
