2 89 184
2 34 458
7 23 224 251 96 357 219 278 
0
0
0
0
2 30 139
2 86 498
0
3 323 430 481 
5 29 379 396 49 184 
2 82 145
2 173 202
2 205 286
2 13 361
3 10 271 62 
2 203 388
5 95 271 141 471 346 
3 3 264 188 
5 144 218 330 235 322 
3 17 153 207 
0
2 138 228
5 7 328 488 345 174 
2 67 193
5 23 44 423 321 375 
0
0
5 10 158 82 87 392 
