5 24 39 283 337 168 
2 7 483
3 61 89 492 
3 306 437 287 
2 39 222
2 206 310
7 9 295 25 314 492 478 383 
2 9 46
3 99 347 233 
3 409 253 173 
3 218 295 438 
3 382 479 210 
3 391 396 414 
7 4 85 402 257 265 39 126 
3 471 171 477 
5 174 490 347 445 218 
0
0
2 300 428
2 91 359
2 39 239
5 45 397 428 448 280 
5 58 379 181 92 395 
5 183 439 150 62 136 
2 268 357
9 12 150 348 185 415 63 269 486 247 
2 102 160
7 18 335 173 462 493 32 36 
3 64 182 491 
0
