99915
99914
99915
99914
99914
99915
99913
99914
99914
