99952
99952
99952
99952
99952
99952
99952
99952
99952
